../Core/Src/freertos.c:198:6:vApplicationGetIdleTaskMemory	24	static
../Core/Src/freertos.c:212:6:MX_FREERTOS_Init	120	static
../Core/Src/freertos.c:285:6:StartDefaultTask	16	static
../Core/Src/freertos.c:320:6:StartControlLoop	48	static
../Core/Src/freertos.c:392:6:StartCommLoopTask	16	static
../Core/Src/freertos.c:411:6:DWT_Init	4	static
../Core/Src/freertos.c:420:6:DWT_Delay_us	24	static
../Core/Src/freertos.c:429:6:runReport	24	static
../Core/Src/freertos.c:454:6:runCAN	16	static
../Core/Src/freertos.c:487:6:sendCANMessage	56	static
../Core/Src/freertos.c:513:7:oscillate	24	static
../Core/Src/freertos.c:521:7:constrain	24	static
../Core/Src/freertos.c:527:7:calculate_inertia	24	static
../Core/Src/freertos.c:535:7:calculate_damping	24	static
../Core/Src/freertos.c:540:7:calculate_friction	24	static
../Core/Src/freertos.c:551:7:calculate_lock	24	static
../Core/Src/freertos.c:562:7:scale_to_pwm	40	static
../Core/Src/freertos.c:584:9:map_wheel_position_to_axis	24	static
../Core/Src/freertos.c:599:13:init_encoder	8	static
../Core/Src/freertos.c:605:9:read_encoder_position	4	static
../Core/Src/freertos.c:609:6:reset_encoder_position	4	static
../Core/Src/freertos.c:613:7:get_angle_degrees	16	static
../Core/Src/freertos.c:659:6:update_wheel_position_and_velocity	32	static
../Core/Src/freertos.c:693:6:set_motor_pwm	32	static
../Core/Src/freertos.c:722:13:signalTelemetryTask	40	static
../Core/Src/freertos.c:735:6:motor_rotate_left	16	static
../Core/Src/freertos.c:754:6:motor_rotate_right	16	static
../Core/Src/freertos.c:773:6:read_hall_sensor	4	static
../Core/Src/freertos.c:781:6:Start_ADC_DMA	8	static
../Core/Src/freertos.c:786:6:HAL_ADC_ConvCpltCallback	16	static
../Core/Src/freertos.c:792:6:move_to_position	16	static
../Core/Src/freertos.c:809:6:processCAN	48	static
