../Core/Src/freertos.c:168:6:vApplicationGetIdleTaskMemory	24	static
../Core/Src/freertos.c:182:6:MX_FREERTOS_Init	88	static
../Core/Src/freertos.c:251:6:StartDefaultTask	16	static
../Core/Src/freertos.c:286:6:StartControlLoop	64	static
../Core/Src/freertos.c:362:6:DWT_Init	4	static
../Core/Src/freertos.c:371:6:DWT_Delay_us	24	static
../Core/Src/freertos.c:380:6:process_command	56	static
../Core/Src/freertos.c:412:6:runReport	16	static
../Core/Src/freertos.c:423:6:runSPI	88	static
../Core/Src/freertos.c:447:6:runCAN	96	static
../Core/Src/freertos.c:484:6:runUART	8	static
../Core/Src/freertos.c:491:7:oscillate	24	static
../Core/Src/freertos.c:499:7:constrain	24	static
../Core/Src/freertos.c:505:7:calculate_inertia	24	static
../Core/Src/freertos.c:513:7:calculate_damping	24	static
../Core/Src/freertos.c:518:7:calculate_friction	24	static
../Core/Src/freertos.c:529:7:calculate_lock	24	static
../Core/Src/freertos.c:540:7:scale_to_pwm	40	static
../Core/Src/freertos.c:562:9:map_wheel_position_to_axis	24	static
../Core/Src/freertos.c:577:13:init_encoder	8	static
../Core/Src/freertos.c:583:9:read_encoder_position	4	static
../Core/Src/freertos.c:587:6:reset_encoder_position	4	static
../Core/Src/freertos.c:591:7:get_angle_degrees	16	static
../Core/Src/freertos.c:597:6:update_wheel_position_and_velocity	32	static
../Core/Src/freertos.c:634:6:set_motor_pwm	32	static
../Core/Src/freertos.c:641:6:set_motor_direction	16	static
../Core/Src/freertos.c:654:13:releaseSPI	8	static
../Core/Src/freertos.c:662:13:signalTelemetryTask	8	static
../Core/Src/freertos.c:669:13:restartUart	16	static
../Core/Src/freertos.c:673:6:motor_rotate_left	16	static
../Core/Src/freertos.c:692:6:motor_rotate_right	16	static
../Core/Src/freertos.c:711:7:read_hall_sensor	16	static
../Core/Src/freertos.c:721:6:move_to_position	16	static
