../Core/Src/freertos.c:193:6:vApplicationGetIdleTaskMemory	24	static
../Core/Src/freertos.c:207:6:MX_FREERTOS_Init	120	static
../Core/Src/freertos.c:280:6:StartDefaultTask	16	static
../Core/Src/freertos.c:315:6:StartControlLoop	64	static
../Core/Src/freertos.c:387:6:StartCommLoopTask	16	static
../Core/Src/freertos.c:406:6:DWT_Init	4	static
../Core/Src/freertos.c:415:6:DWT_Delay_us	24	static
../Core/Src/freertos.c:424:6:runReport	24	static
../Core/Src/freertos.c:449:6:runCAN	112	static
../Core/Src/freertos.c:507:7:oscillate	24	static
../Core/Src/freertos.c:515:7:constrain	24	static
../Core/Src/freertos.c:521:7:calculate_inertia	24	static
../Core/Src/freertos.c:529:7:calculate_damping	24	static
../Core/Src/freertos.c:534:7:calculate_friction	24	static
../Core/Src/freertos.c:545:7:calculate_lock	24	static
../Core/Src/freertos.c:556:7:scale_to_pwm	40	static
../Core/Src/freertos.c:578:9:map_wheel_position_to_axis	24	static
../Core/Src/freertos.c:593:13:init_encoder	8	static
../Core/Src/freertos.c:599:9:read_encoder_position	4	static
../Core/Src/freertos.c:603:6:reset_encoder_position	4	static
../Core/Src/freertos.c:607:7:get_angle_degrees	16	static
../Core/Src/freertos.c:613:6:update_wheel_position_and_velocity	32	static
../Core/Src/freertos.c:650:6:set_motor_pwm	32	static
../Core/Src/freertos.c:657:6:set_motor_direction	16	static
../Core/Src/freertos.c:670:13:signalTelemetryTask	32	static
../Core/Src/freertos.c:679:6:motor_rotate_left	16	static
../Core/Src/freertos.c:698:6:motor_rotate_right	16	static
../Core/Src/freertos.c:717:7:read_hall_sensor	16	static
../Core/Src/freertos.c:727:6:move_to_position	16	static
../Core/Src/freertos.c:744:6:processCAN	64	static
