../Core/Src/freertos.c:137:6:vApplicationGetIdleTaskMemory	24	static
../Core/Src/freertos.c:151:6:MX_FREERTOS_Init	168	static
../Core/Src/freertos.c:220:6:StartDefaultTask	16	static
../Core/Src/freertos.c:255:6:StartTelemetryTask	16	static
../Core/Src/freertos.c:283:6:StartHeartbeatTask	16	static
../Core/Src/freertos.c:307:6:StartSPISend	96	static
../Core/Src/freertos.c:350:6:StartFFBTask	64	static
../Core/Src/freertos.c:415:6:DWT_Init	4	static
../Core/Src/freertos.c:424:6:DWT_Delay_us	24	static
../Core/Src/freertos.c:433:6:process_command	56	static
../Core/Src/freertos.c:465:7:oscillate	24	static
../Core/Src/freertos.c:473:7:constrain	24	static
../Core/Src/freertos.c:479:7:calculate_inertia	24	static
../Core/Src/freertos.c:487:7:calculate_damping	24	static
../Core/Src/freertos.c:492:7:calculate_friction	24	static
../Core/Src/freertos.c:503:7:calculate_lock	24	static
../Core/Src/freertos.c:543:7:scale_to_pwm	40	static
../Core/Src/freertos.c:565:13:init_encoder	8	static
../Core/Src/freertos.c:571:9:read_encoder_position	4	static
../Core/Src/freertos.c:575:6:reset_encoder_position	4	static
../Core/Src/freertos.c:579:7:get_angle_degrees	16	static
../Core/Src/freertos.c:585:6:update_wheel_position_and_velocity	32	static
../Core/Src/freertos.c:620:6:set_motor_pwm	32	static
../Core/Src/freertos.c:627:6:set_motor_direction	16	static
../Core/Src/freertos.c:640:13:releaseSPI	8	static
../Core/Src/freertos.c:648:13:signalTelemetryTask	8	static
../Core/Src/freertos.c:655:13:restartUart	16	static
