../Core/Src/freertos.c:178:6:vApplicationGetIdleTaskMemory	24	static
../Core/Src/freertos.c:192:6:MX_FREERTOS_Init	88	static
../Core/Src/freertos.c:261:6:StartDefaultTask	16	static
../Core/Src/freertos.c:296:6:StartControlLoop	64	static
../Core/Src/freertos.c:373:6:DWT_Init	4	static
../Core/Src/freertos.c:382:6:DWT_Delay_us	24	static
../Core/Src/freertos.c:391:6:process_command	56	static
../Core/Src/freertos.c:423:6:runReport	16	static
../Core/Src/freertos.c:434:6:runCAN	104	static
../Core/Src/freertos.c:489:6:runUART	8	static
../Core/Src/freertos.c:496:7:oscillate	24	static
../Core/Src/freertos.c:504:7:constrain	24	static
../Core/Src/freertos.c:510:7:calculate_inertia	24	static
../Core/Src/freertos.c:518:7:calculate_damping	24	static
../Core/Src/freertos.c:523:7:calculate_friction	24	static
../Core/Src/freertos.c:534:7:calculate_lock	24	static
../Core/Src/freertos.c:545:7:scale_to_pwm	40	static
../Core/Src/freertos.c:567:9:map_wheel_position_to_axis	24	static
../Core/Src/freertos.c:582:13:init_encoder	8	static
../Core/Src/freertos.c:588:9:read_encoder_position	4	static
../Core/Src/freertos.c:592:6:reset_encoder_position	4	static
../Core/Src/freertos.c:596:7:get_angle_degrees	16	static
../Core/Src/freertos.c:602:6:update_wheel_position_and_velocity	32	static
../Core/Src/freertos.c:639:6:set_motor_pwm	32	static
../Core/Src/freertos.c:646:6:set_motor_direction	16	static
../Core/Src/freertos.c:659:13:releaseSPI	8	static
../Core/Src/freertos.c:667:13:signalTelemetryTask	8	static
../Core/Src/freertos.c:674:13:restartUart	16	static
../Core/Src/freertos.c:678:6:motor_rotate_left	16	static
../Core/Src/freertos.c:697:6:motor_rotate_right	16	static
../Core/Src/freertos.c:716:7:read_hall_sensor	16	static
../Core/Src/freertos.c:726:6:move_to_position	16	static
../Core/Src/freertos.c:762:6:pollCANMessages	64	static
