../Core/Src/freertos.c:194:6:vApplicationGetIdleTaskMemory	24	static
../Core/Src/freertos.c:208:6:MX_FREERTOS_Init	120	static
../Core/Src/freertos.c:281:6:StartDefaultTask	16	static
../Core/Src/freertos.c:314:6:StartControlLoop	64	static
../Core/Src/freertos.c:384:6:StartCommLoopTask	16	static
../Core/Src/freertos.c:401:6:DWT_Init	4	static
../Core/Src/freertos.c:410:6:DWT_Delay_us	24	static
../Core/Src/freertos.c:419:6:runReport	24	static
../Core/Src/freertos.c:444:6:runCAN	16	static
../Core/Src/freertos.c:477:6:sendCANMessage	56	static
../Core/Src/freertos.c:503:7:oscillate	24	static
../Core/Src/freertos.c:511:7:constrain	24	static
../Core/Src/freertos.c:519:7:calculate_inertia	24	static
../Core/Src/freertos.c:528:7:calculate_damping	24	static
../Core/Src/freertos.c:533:7:calculate_friction	24	static
../Core/Src/freertos.c:544:7:calculate_lock	24	static
../Core/Src/freertos.c:555:7:scale_to_pwm	40	static
../Core/Src/freertos.c:577:9:map_wheel_position_to_axis	24	static
../Core/Src/freertos.c:593:13:init_encoder	8	static
../Core/Src/freertos.c:599:9:read_encoder_position	4	static
../Core/Src/freertos.c:603:6:reset_encoder_position	4	static
../Core/Src/freertos.c:607:7:get_angle_degrees	16	static
../Core/Src/freertos.c:613:6:update_wheel_position_and_velocity	32	static
../Core/Src/freertos.c:652:6:set_motor_pwm	32	static
../Core/Src/freertos.c:681:13:signalTelemetryTask	32	static
../Core/Src/freertos.c:690:6:motor_rotate_left	16	static
../Core/Src/freertos.c:710:6:motor_rotate_right	16	static
../Core/Src/freertos.c:730:7:read_hall_sensor	16	static
../Core/Src/freertos.c:740:6:move_to_position	16	static
../Core/Src/freertos.c:757:6:processCAN	48	static
