../Core/Src/freertos.c:167:6:vApplicationGetIdleTaskMemory	24	static
../Core/Src/freertos.c:181:6:MX_FREERTOS_Init	88	static
../Core/Src/freertos.c:250:6:StartDefaultTask	16	static
../Core/Src/freertos.c:285:6:StartControlLoop	64	static
../Core/Src/freertos.c:361:6:DWT_Init	4	static
../Core/Src/freertos.c:370:6:DWT_Delay_us	24	static
../Core/Src/freertos.c:379:6:process_command	56	static
../Core/Src/freertos.c:411:6:runReport	16	static
../Core/Src/freertos.c:422:6:runSPI	88	static
../Core/Src/freertos.c:447:6:runUART	8	static
../Core/Src/freertos.c:454:7:oscillate	24	static
../Core/Src/freertos.c:462:7:constrain	24	static
../Core/Src/freertos.c:468:7:calculate_inertia	24	static
../Core/Src/freertos.c:476:7:calculate_damping	24	static
../Core/Src/freertos.c:481:7:calculate_friction	24	static
../Core/Src/freertos.c:492:7:calculate_lock	24	static
../Core/Src/freertos.c:503:7:scale_to_pwm	40	static
../Core/Src/freertos.c:525:9:map_wheel_position_to_axis	24	static
../Core/Src/freertos.c:540:13:init_encoder	8	static
../Core/Src/freertos.c:546:9:read_encoder_position	4	static
../Core/Src/freertos.c:550:6:reset_encoder_position	4	static
../Core/Src/freertos.c:554:7:get_angle_degrees	16	static
../Core/Src/freertos.c:560:6:update_wheel_position_and_velocity	32	static
../Core/Src/freertos.c:597:6:set_motor_pwm	32	static
../Core/Src/freertos.c:604:6:set_motor_direction	16	static
../Core/Src/freertos.c:617:13:releaseSPI	8	static
../Core/Src/freertos.c:625:13:signalTelemetryTask	8	static
../Core/Src/freertos.c:632:13:restartUart	16	static
../Core/Src/freertos.c:636:6:motor_rotate_left	16	static
../Core/Src/freertos.c:655:6:motor_rotate_right	16	static
../Core/Src/freertos.c:674:7:read_hall_sensor	16	static
../Core/Src/freertos.c:684:6:move_to_position	16	static
