../Core/Src/freertos.c:157:6:vApplicationGetIdleTaskMemory	24	static
../Core/Src/freertos.c:171:6:MX_FREERTOS_Init	192	static
../Core/Src/freertos.c:252:6:StartDefaultTask	16	static
../Core/Src/freertos.c:287:6:StartTelemetryTask	16	static
../Core/Src/freertos.c:315:6:StartHeartbeatTask	16	static
../Core/Src/freertos.c:339:6:StartSPISend	96	static
../Core/Src/freertos.c:382:6:StartFFBTask	64	static
../Core/Src/freertos.c:451:6:startHIDTask	16	static
../Core/Src/freertos.c:479:6:DWT_Init	4	static
../Core/Src/freertos.c:488:6:DWT_Delay_us	24	static
../Core/Src/freertos.c:497:6:process_command	56	static
../Core/Src/freertos.c:529:7:oscillate	24	static
../Core/Src/freertos.c:537:7:constrain	24	static
../Core/Src/freertos.c:543:7:calculate_inertia	24	static
../Core/Src/freertos.c:551:7:calculate_damping	24	static
../Core/Src/freertos.c:556:7:calculate_friction	24	static
../Core/Src/freertos.c:567:7:calculate_lock	24	static
../Core/Src/freertos.c:607:7:scale_to_pwm	40	static
../Core/Src/freertos.c:629:13:init_encoder	8	static
../Core/Src/freertos.c:635:9:read_encoder_position	4	static
../Core/Src/freertos.c:639:6:reset_encoder_position	4	static
../Core/Src/freertos.c:643:7:get_angle_degrees	16	static
../Core/Src/freertos.c:649:6:update_wheel_position_and_velocity	32	static
../Core/Src/freertos.c:684:6:set_motor_pwm	32	static
../Core/Src/freertos.c:691:6:set_motor_direction	16	static
../Core/Src/freertos.c:704:13:releaseSPI	8	static
../Core/Src/freertos.c:712:13:signalTelemetryTask	8	static
../Core/Src/freertos.c:719:13:restartUart	16	static
