../Core/Src/freertos.c:177:6:vApplicationGetIdleTaskMemory	24	static
../Core/Src/freertos.c:191:6:MX_FREERTOS_Init	88	static
../Core/Src/freertos.c:260:6:StartDefaultTask	16	static
../Core/Src/freertos.c:295:6:StartControlLoop	64	static
../Core/Src/freertos.c:371:6:DWT_Init	4	static
../Core/Src/freertos.c:380:6:DWT_Delay_us	24	static
../Core/Src/freertos.c:389:6:process_command	56	static
../Core/Src/freertos.c:421:6:runReport	16	static
../Core/Src/freertos.c:432:6:runSPI	88	static
../Core/Src/freertos.c:456:6:runCAN	104	static
../Core/Src/freertos.c:511:6:runUART	8	static
../Core/Src/freertos.c:518:7:oscillate	24	static
../Core/Src/freertos.c:526:7:constrain	24	static
../Core/Src/freertos.c:532:7:calculate_inertia	24	static
../Core/Src/freertos.c:540:7:calculate_damping	24	static
../Core/Src/freertos.c:545:7:calculate_friction	24	static
../Core/Src/freertos.c:556:7:calculate_lock	24	static
../Core/Src/freertos.c:567:7:scale_to_pwm	40	static
../Core/Src/freertos.c:589:9:map_wheel_position_to_axis	24	static
../Core/Src/freertos.c:604:13:init_encoder	8	static
../Core/Src/freertos.c:610:9:read_encoder_position	4	static
../Core/Src/freertos.c:614:6:reset_encoder_position	4	static
../Core/Src/freertos.c:618:7:get_angle_degrees	16	static
../Core/Src/freertos.c:624:6:update_wheel_position_and_velocity	32	static
../Core/Src/freertos.c:661:6:set_motor_pwm	32	static
../Core/Src/freertos.c:668:6:set_motor_direction	16	static
../Core/Src/freertos.c:681:13:releaseSPI	8	static
../Core/Src/freertos.c:689:13:signalTelemetryTask	8	static
../Core/Src/freertos.c:696:13:restartUart	16	static
../Core/Src/freertos.c:700:6:motor_rotate_left	16	static
../Core/Src/freertos.c:719:6:motor_rotate_right	16	static
../Core/Src/freertos.c:738:7:read_hall_sensor	16	static
../Core/Src/freertos.c:748:6:move_to_position	16	static
../Core/Src/freertos.c:765:6:RxCAN	64	static
