../Core/Src/freertos.c:190:6:vApplicationGetIdleTaskMemory	24	static
../Core/Src/freertos.c:204:6:MX_FREERTOS_Init	120	static
../Core/Src/freertos.c:277:6:StartDefaultTask	16	static
../Core/Src/freertos.c:312:6:StartControlLoop	64	static
../Core/Src/freertos.c:384:6:StartCommLoopTask	16	static
../Core/Src/freertos.c:403:6:DWT_Init	4	static
../Core/Src/freertos.c:412:6:DWT_Delay_us	24	static
../Core/Src/freertos.c:421:6:runReport	16	static
../Core/Src/freertos.c:432:6:runCAN	120	static
../Core/Src/freertos.c:485:7:oscillate	24	static
../Core/Src/freertos.c:493:7:constrain	24	static
../Core/Src/freertos.c:499:7:calculate_inertia	24	static
../Core/Src/freertos.c:507:7:calculate_damping	24	static
../Core/Src/freertos.c:512:7:calculate_friction	24	static
../Core/Src/freertos.c:523:7:calculate_lock	24	static
../Core/Src/freertos.c:534:7:scale_to_pwm	40	static
../Core/Src/freertos.c:556:9:map_wheel_position_to_axis	24	static
../Core/Src/freertos.c:571:13:init_encoder	8	static
../Core/Src/freertos.c:577:9:read_encoder_position	4	static
../Core/Src/freertos.c:581:6:reset_encoder_position	4	static
../Core/Src/freertos.c:585:7:get_angle_degrees	16	static
../Core/Src/freertos.c:591:6:update_wheel_position_and_velocity	32	static
../Core/Src/freertos.c:628:6:set_motor_pwm	32	static
../Core/Src/freertos.c:635:6:set_motor_direction	16	static
../Core/Src/freertos.c:648:13:signalTelemetryTask	32	static
../Core/Src/freertos.c:657:6:motor_rotate_left	16	static
../Core/Src/freertos.c:676:6:motor_rotate_right	16	static
../Core/Src/freertos.c:695:7:read_hall_sensor	16	static
../Core/Src/freertos.c:705:6:move_to_position	16	static
../Core/Src/freertos.c:741:6:processCAN	64	static
