../Core/Src/freertos.c:166:6:vApplicationGetIdleTaskMemory	24	static
../Core/Src/freertos.c:180:6:MX_FREERTOS_Init	88	static
../Core/Src/freertos.c:249:6:StartDefaultTask	16	static
../Core/Src/freertos.c:284:6:StartControlLoop	64	static
../Core/Src/freertos.c:359:6:DWT_Init	4	static
../Core/Src/freertos.c:368:6:DWT_Delay_us	24	static
../Core/Src/freertos.c:377:6:process_command	56	static
../Core/Src/freertos.c:409:6:runReport	16	static
../Core/Src/freertos.c:420:6:runSPI	88	static
../Core/Src/freertos.c:445:6:runUART	8	static
../Core/Src/freertos.c:457:7:oscillate	24	static
../Core/Src/freertos.c:465:7:constrain	24	static
../Core/Src/freertos.c:471:7:calculate_inertia	24	static
../Core/Src/freertos.c:479:7:calculate_damping	24	static
../Core/Src/freertos.c:484:7:calculate_friction	24	static
../Core/Src/freertos.c:495:7:calculate_lock	24	static
../Core/Src/freertos.c:506:7:scale_to_pwm	40	static
../Core/Src/freertos.c:528:9:map_wheel_position_to_axis	24	static
../Core/Src/freertos.c:543:13:init_encoder	8	static
../Core/Src/freertos.c:549:9:read_encoder_position	4	static
../Core/Src/freertos.c:553:6:reset_encoder_position	4	static
../Core/Src/freertos.c:557:7:get_angle_degrees	16	static
../Core/Src/freertos.c:563:6:update_wheel_position_and_velocity	32	static
../Core/Src/freertos.c:600:6:set_motor_pwm	32	static
../Core/Src/freertos.c:607:6:set_motor_direction	16	static
../Core/Src/freertos.c:620:13:releaseSPI	8	static
../Core/Src/freertos.c:628:13:signalTelemetryTask	8	static
../Core/Src/freertos.c:635:13:restartUart	16	static
../Core/Src/freertos.c:639:6:motor_rotate_left	16	static
../Core/Src/freertos.c:658:6:motor_rotate_right	16	static
../Core/Src/freertos.c:677:7:read_hall_sensor	16	static
../Core/Src/freertos.c:687:6:move_to_position	16	static
