../Core/Src/freertos.c:198:6:vApplicationGetIdleTaskMemory	24	static
../Core/Src/freertos.c:212:6:MX_FREERTOS_Init	120	static
../Core/Src/freertos.c:285:6:StartDefaultTask	16	static
../Core/Src/freertos.c:320:6:StartControlLoop	64	static
../Core/Src/freertos.c:391:6:StartCommLoopTask	16	static
../Core/Src/freertos.c:410:6:DWT_Init	4	static
../Core/Src/freertos.c:419:6:DWT_Delay_us	24	static
../Core/Src/freertos.c:428:6:runReport	24	static
../Core/Src/freertos.c:453:6:runCAN	16	static
../Core/Src/freertos.c:486:6:sendCANMessage	56	static
../Core/Src/freertos.c:512:7:oscillate	24	static
../Core/Src/freertos.c:520:7:constrain	24	static
../Core/Src/freertos.c:526:7:calculate_inertia	24	static
../Core/Src/freertos.c:534:7:calculate_damping	24	static
../Core/Src/freertos.c:539:7:calculate_friction	24	static
../Core/Src/freertos.c:550:7:calculate_lock	24	static
../Core/Src/freertos.c:561:7:scale_to_pwm	40	static
../Core/Src/freertos.c:583:9:map_wheel_position_to_axis	24	static
../Core/Src/freertos.c:598:13:init_encoder	8	static
../Core/Src/freertos.c:604:9:read_encoder_position	4	static
../Core/Src/freertos.c:608:6:reset_encoder_position	4	static
../Core/Src/freertos.c:612:7:get_angle_degrees	16	static
../Core/Src/freertos.c:618:6:update_wheel_position_and_velocity	32	static
../Core/Src/freertos.c:655:6:set_motor_pwm	32	static
../Core/Src/freertos.c:684:13:signalTelemetryTask	40	static
../Core/Src/freertos.c:697:6:motor_rotate_left	16	static
../Core/Src/freertos.c:716:6:motor_rotate_right	16	static
../Core/Src/freertos.c:735:6:read_hall_sensor	4	static
../Core/Src/freertos.c:743:6:Start_ADC_DMA	8	static
../Core/Src/freertos.c:748:6:HAL_ADC_ConvCpltCallback	16	static
../Core/Src/freertos.c:754:6:move_to_position	16	static
../Core/Src/freertos.c:771:6:processCAN	48	static
