../Core/Src/freertos.c:189:6:vApplicationGetIdleTaskMemory	24	static
../Core/Src/freertos.c:203:6:MX_FREERTOS_Init	88	static
../Core/Src/freertos.c:272:6:StartDefaultTask	16	static
../Core/Src/freertos.c:307:6:StartControlLoop	64	static
../Core/Src/freertos.c:383:6:DWT_Init	4	static
../Core/Src/freertos.c:392:6:DWT_Delay_us	24	static
../Core/Src/freertos.c:401:6:process_command	56	static
../Core/Src/freertos.c:433:6:runReport	16	static
../Core/Src/freertos.c:444:6:runCAN	104	static
../Core/Src/freertos.c:497:6:runUART	8	static
../Core/Src/freertos.c:504:7:oscillate	24	static
../Core/Src/freertos.c:512:7:constrain	24	static
../Core/Src/freertos.c:518:7:calculate_inertia	24	static
../Core/Src/freertos.c:526:7:calculate_damping	24	static
../Core/Src/freertos.c:531:7:calculate_friction	24	static
../Core/Src/freertos.c:542:7:calculate_lock	24	static
../Core/Src/freertos.c:553:7:scale_to_pwm	40	static
../Core/Src/freertos.c:575:9:map_wheel_position_to_axis	24	static
../Core/Src/freertos.c:590:13:init_encoder	8	static
../Core/Src/freertos.c:596:9:read_encoder_position	4	static
../Core/Src/freertos.c:600:6:reset_encoder_position	4	static
../Core/Src/freertos.c:604:7:get_angle_degrees	16	static
../Core/Src/freertos.c:610:6:update_wheel_position_and_velocity	32	static
../Core/Src/freertos.c:647:6:set_motor_pwm	32	static
../Core/Src/freertos.c:654:6:set_motor_direction	16	static
../Core/Src/freertos.c:667:13:releaseSPI	8	static
../Core/Src/freertos.c:675:13:signalTelemetryTask	8	static
../Core/Src/freertos.c:682:13:restartUart	16	static
../Core/Src/freertos.c:686:6:motor_rotate_left	16	static
../Core/Src/freertos.c:705:6:motor_rotate_right	16	static
../Core/Src/freertos.c:724:7:read_hall_sensor	16	static
../Core/Src/freertos.c:734:6:move_to_position	16	static
../Core/Src/freertos.c:770:6:processCAN	64	static
