../Core/Src/freertos.c:190:6:vApplicationGetIdleTaskMemory	24	static
../Core/Src/freertos.c:204:6:MX_FREERTOS_Init	120	static
../Core/Src/freertos.c:277:6:StartDefaultTask	16	static
../Core/Src/freertos.c:312:6:StartControlLoop	64	static
../Core/Src/freertos.c:384:6:StartCommLoopTask	16	static
../Core/Src/freertos.c:403:6:DWT_Init	4	static
../Core/Src/freertos.c:412:6:DWT_Delay_us	24	static
../Core/Src/freertos.c:421:6:runReport	16	static
../Core/Src/freertos.c:437:6:runCAN	120	static
../Core/Src/freertos.c:490:7:oscillate	24	static
../Core/Src/freertos.c:498:7:constrain	24	static
../Core/Src/freertos.c:504:7:calculate_inertia	24	static
../Core/Src/freertos.c:512:7:calculate_damping	24	static
../Core/Src/freertos.c:517:7:calculate_friction	24	static
../Core/Src/freertos.c:528:7:calculate_lock	24	static
../Core/Src/freertos.c:539:7:scale_to_pwm	40	static
../Core/Src/freertos.c:561:9:map_wheel_position_to_axis	24	static
../Core/Src/freertos.c:576:13:init_encoder	8	static
../Core/Src/freertos.c:582:9:read_encoder_position	4	static
../Core/Src/freertos.c:586:6:reset_encoder_position	4	static
../Core/Src/freertos.c:590:7:get_angle_degrees	16	static
../Core/Src/freertos.c:596:6:update_wheel_position_and_velocity	32	static
../Core/Src/freertos.c:633:6:set_motor_pwm	32	static
../Core/Src/freertos.c:640:6:set_motor_direction	16	static
../Core/Src/freertos.c:653:13:signalTelemetryTask	32	static
../Core/Src/freertos.c:662:6:motor_rotate_left	16	static
../Core/Src/freertos.c:681:6:motor_rotate_right	16	static
../Core/Src/freertos.c:700:7:read_hall_sensor	16	static
../Core/Src/freertos.c:710:6:move_to_position	16	static
../Core/Src/freertos.c:746:6:processCAN	64	static
