../Core/Src/main.c:97:6:process_command	56	static
../Core/Src/main.c:128:6:send_response	24	static
../Core/Src/main.c:146:5:main	128	static
../Core/Src/main.c:249:6:SystemClock_Config	88	static
../Core/Src/main.c:297:13:MX_SPI2_Init	8	static
../Core/Src/main.c:335:13:MX_USART2_UART_Init	8	static
../Core/Src/main.c:368:13:MX_GPIO_Init	48	static
../Core/Src/main.c:401:6:HAL_UART_RxCpltCallback	16	static
../Core/Src/main.c:412:6:HAL_UART_ErrorCallback	24	static
../Core/Src/main.c:448:6:packTelemetryPacket	24	static
../Core/Src/main.c:484:6:StartDefaultTask	16	static
../Core/Src/main.c:502:6:StartTelemetryTask	16	static
../Core/Src/main.c:531:6:StartHeartbeatTask	16	static
../Core/Src/main.c:555:6:StartSPISend	56	static
../Core/Src/main.c:595:6:HAL_TIM_PeriodElapsedCallback	16	static
../Core/Src/main.c:612:6:Error_Handler	4	static,ignoring_inline_asm
