../Core/Src/main.c:106:6:process_command	56	static
../Core/Src/main.c:138:6:send_response	24	static
../Core/Src/main.c:151:6:DWT_Init	4	static
../Core/Src/main.c:160:6:DWT_Delay_us	24	static
../Core/Src/main.c:169:7:oscillate	24	static
../Core/Src/main.c:177:7:constrain	24	static
../Core/Src/main.c:183:7:calculate_inertia	24	static
../Core/Src/main.c:191:7:calculate_damping	24	static
../Core/Src/main.c:196:7:calculate_friction	24	static
../Core/Src/main.c:201:7:calculate_lock	24	static
../Core/Src/main.c:212:7:scale_to_pwm	24	static
../Core/Src/main.c:218:6:update_wheel_position_and_velocity	40	static
../Core/Src/main.c:256:5:main	168	static
../Core/Src/main.c:372:6:SystemClock_Config	88	static
../Core/Src/main.c:420:13:MX_SPI2_Init	8	static
../Core/Src/main.c:457:13:MX_USART2_UART_Init	8	static
../Core/Src/main.c:488:13:MX_DMA_Init	16	static
../Core/Src/main.c:506:13:MX_GPIO_Init	48	static
../Core/Src/main.c:539:6:HAL_SPI_TxCpltCallback	16	static
../Core/Src/main.c:546:6:HAL_UART_RxCpltCallback	16	static
../Core/Src/main.c:557:6:HAL_UART_ErrorCallback	24	static
../Core/Src/main.c:602:6:StartDefaultTask	16	static
../Core/Src/main.c:621:6:StartTelemetryTask	16	static
../Core/Src/main.c:649:6:StartHeartbeatTask	16	static
../Core/Src/main.c:673:6:StartSPISend	96	static
../Core/Src/main.c:717:6:StartFFBTask	56	static
../Core/Src/main.c:763:6:HAL_TIM_PeriodElapsedCallback	16	static
../Core/Src/main.c:780:6:Error_Handler	4	static,ignoring_inline_asm
