../Core/Src/main.c:75:6:send_response	24	static
../Core/Src/main.c:87:5:_write	24	static
../Core/Src/main.c:98:5:main	8	static
../Core/Src/main.c:175:6:SystemClock_Config	88	static
../Core/Src/main.c:218:6:HAL_SPI_TxCpltCallback	16	static
../Core/Src/main.c:222:6:HAL_UART_RxCpltCallback	16	static
../Core/Src/main.c:229:6:HAL_UART_ErrorCallback	24	static
../Core/Src/main.c:265:6:HAL_CAN_RxFifo0MsgPendingCallback	16	static
../Core/Src/main.c:283:6:HAL_TIM_PeriodElapsedCallback	16	static
../Core/Src/main.c:300:6:Error_Handler	4	static,ignoring_inline_asm
