../Core/Src/main.c:92:6:process_command	56	static
../Core/Src/main.c:123:6:send_response	24	static
../Core/Src/main.c:141:5:main	104	static
../Core/Src/main.c:231:6:SystemClock_Config	88	static
../Core/Src/main.c:279:13:MX_SPI2_Init	8	static
../Core/Src/main.c:317:13:MX_USART2_UART_Init	8	static
../Core/Src/main.c:350:13:MX_GPIO_Init	48	static
../Core/Src/main.c:383:6:HAL_UART_RxCpltCallback	16	static
../Core/Src/main.c:394:6:HAL_UART_ErrorCallback	24	static
../Core/Src/main.c:439:6:StartDefaultTask	16	static
../Core/Src/main.c:457:6:StartTelemetryTask	16	static
../Core/Src/main.c:484:6:StartHeartbeatTask	16	static
../Core/Src/main.c:509:6:HAL_TIM_PeriodElapsedCallback	16	static
../Core/Src/main.c:526:6:Error_Handler	4	static,ignoring_inline_asm
