../Core/Src/main.c:95:6:process_command	56	static
../Core/Src/main.c:126:6:send_response	24	static
../Core/Src/main.c:144:5:main	128	static
../Core/Src/main.c:238:6:SystemClock_Config	88	static
../Core/Src/main.c:286:13:MX_SPI2_Init	8	static
../Core/Src/main.c:324:13:MX_USART2_UART_Init	8	static
../Core/Src/main.c:357:13:MX_GPIO_Init	48	static
../Core/Src/main.c:390:6:HAL_UART_RxCpltCallback	16	static
../Core/Src/main.c:401:6:HAL_UART_ErrorCallback	24	static
../Core/Src/main.c:446:6:StartDefaultTask	16	static
../Core/Src/main.c:464:6:StartTelemetryTask	16	static
../Core/Src/main.c:493:6:StartHeartbeatTask	16	static
../Core/Src/main.c:517:6:StartSPISend	24	static
../Core/Src/main.c:600:6:HAL_TIM_PeriodElapsedCallback	16	static
../Core/Src/main.c:617:6:Error_Handler	4	static,ignoring_inline_asm
