../Core/Src/main.c:73:6:send_response	24	static
../Core/Src/main.c:85:5:_write	24	static
../Core/Src/main.c:96:5:main	8	static
../Core/Src/main.c:171:6:SystemClock_Config	88	static
../Core/Src/main.c:215:6:HAL_UART_RxCpltCallback	16	static
../Core/Src/main.c:222:6:HAL_UART_ErrorCallback	24	static
../Core/Src/main.c:258:6:HAL_CAN_RxFifo1MsgPendingCallback	16	static
../Core/Src/main.c:266:6:HAL_CAN_RxFifo0MsgPendingCallback	16	static
../Core/Src/main.c:283:6:HAL_TIM_PeriodElapsedCallback	16	static
../Core/Src/main.c:300:6:Error_Handler	4	static,ignoring_inline_asm
