../Core/Src/main.c:122:6:process_command	56	static
../Core/Src/main.c:154:6:send_response	24	static
../Core/Src/main.c:167:6:DWT_Init	4	static
../Core/Src/main.c:176:6:DWT_Delay_us	24	static
../Core/Src/main.c:185:7:oscillate	24	static
../Core/Src/main.c:193:7:constrain	24	static
../Core/Src/main.c:199:7:calculate_inertia	24	static
../Core/Src/main.c:207:7:calculate_damping	24	static
../Core/Src/main.c:212:7:calculate_friction	24	static
../Core/Src/main.c:223:7:calculate_lock	24	static
../Core/Src/main.c:234:7:scale_to_pwm	24	static
../Core/Src/main.c:241:6:init_encoder	8	static
../Core/Src/main.c:247:9:read_encoder_position	4	static
../Core/Src/main.c:251:6:reset_encoder_position	4	static
../Core/Src/main.c:255:7:get_angle_degrees	16	static
../Core/Src/main.c:261:6:update_wheel_position_and_velocity	40	static
../Core/Src/main.c:299:5:main	168	static
../Core/Src/main.c:416:6:SystemClock_Config	88	static
../Core/Src/main.c:464:13:MX_SPI2_Init	8	static
../Core/Src/main.c:501:13:MX_TIM2_Init	56	static
../Core/Src/main.c:550:13:MX_USART2_UART_Init	8	static
../Core/Src/main.c:581:13:MX_DMA_Init	16	static
../Core/Src/main.c:599:13:MX_GPIO_Init	48	static
../Core/Src/main.c:632:6:HAL_SPI_TxCpltCallback	16	static
../Core/Src/main.c:639:6:HAL_UART_RxCpltCallback	16	static
../Core/Src/main.c:650:6:HAL_UART_ErrorCallback	24	static
../Core/Src/main.c:695:6:StartDefaultTask	16	static
../Core/Src/main.c:714:6:StartTelemetryTask	16	static
../Core/Src/main.c:742:6:StartHeartbeatTask	16	static
../Core/Src/main.c:766:6:StartSPISend	96	static
../Core/Src/main.c:810:6:StartFFBTask	56	static
../Core/Src/main.c:869:6:HAL_TIM_PeriodElapsedCallback	16	static
../Core/Src/main.c:886:6:Error_Handler	4	static,ignoring_inline_asm
