../Core/Src/main.c:127:6:process_command	56	static
../Core/Src/main.c:159:6:send_response	24	static
../Core/Src/main.c:172:6:DWT_Init	4	static
../Core/Src/main.c:181:6:DWT_Delay_us	24	static
../Core/Src/main.c:190:7:oscillate	24	static
../Core/Src/main.c:198:7:constrain	24	static
../Core/Src/main.c:204:7:calculate_inertia	24	static
../Core/Src/main.c:212:7:calculate_damping	24	static
../Core/Src/main.c:217:7:calculate_friction	24	static
../Core/Src/main.c:228:7:calculate_lock	24	static
../Core/Src/main.c:268:7:scale_to_pwm	40	static
../Core/Src/main.c:290:6:init_encoder	8	static
../Core/Src/main.c:296:9:read_encoder_position	4	static
../Core/Src/main.c:300:6:reset_encoder_position	4	static
../Core/Src/main.c:304:7:get_angle_degrees	16	static
../Core/Src/main.c:310:6:update_wheel_position_and_velocity	32	static
../Core/Src/main.c:345:6:set_motor_pwm	32	static
../Core/Src/main.c:352:6:set_motor_direction	16	static
../Core/Src/main.c:372:5:main	168	static
../Core/Src/main.c:492:6:SystemClock_Config	88	static
../Core/Src/main.c:540:13:MX_SPI2_Init	8	static
../Core/Src/main.c:577:13:MX_TIM2_Init	56	static
../Core/Src/main.c:626:13:MX_TIM3_Init	48	static
../Core/Src/main.c:675:13:MX_USART2_UART_Init	8	static
../Core/Src/main.c:706:13:MX_DMA_Init	16	static
../Core/Src/main.c:724:13:MX_GPIO_Init	48	static
../Core/Src/main.c:767:6:HAL_SPI_TxCpltCallback	16	static
../Core/Src/main.c:774:6:HAL_UART_RxCpltCallback	16	static
../Core/Src/main.c:785:6:HAL_UART_ErrorCallback	24	static
../Core/Src/main.c:830:6:StartDefaultTask	16	static
../Core/Src/main.c:866:6:StartTelemetryTask	16	static
../Core/Src/main.c:894:6:StartHeartbeatTask	16	static
../Core/Src/main.c:918:6:StartSPISend	96	static
../Core/Src/main.c:962:6:StartFFBTask	64	static
../Core/Src/main.c:1032:6:HAL_TIM_PeriodElapsedCallback	16	static
../Core/Src/main.c:1049:6:Error_Handler	4	static,ignoring_inline_asm
