../Core/Src/main.c:97:6:process_command	56	static
../Core/Src/main.c:128:6:send_response	24	static
../Core/Src/main.c:146:5:main	136	static
../Core/Src/main.c:256:6:SystemClock_Config	88	static
../Core/Src/main.c:304:13:MX_SPI2_Init	8	static
../Core/Src/main.c:341:13:MX_USART2_UART_Init	8	static
../Core/Src/main.c:372:13:MX_DMA_Init	16	static
../Core/Src/main.c:390:13:MX_GPIO_Init	48	static
../Core/Src/main.c:423:6:HAL_SPI_TxCpltCallback	16	static
../Core/Src/main.c:428:6:HAL_UART_RxCpltCallback	16	static
../Core/Src/main.c:439:6:HAL_UART_ErrorCallback	24	static
../Core/Src/main.c:484:6:StartDefaultTask	16	static
../Core/Src/main.c:502:6:StartTelemetryTask	16	static
../Core/Src/main.c:530:6:StartHeartbeatTask	16	static
../Core/Src/main.c:554:6:StartSPISend	104	static
../Core/Src/main.c:595:6:HAL_TIM_PeriodElapsedCallback	16	static
../Core/Src/main.c:612:6:Error_Handler	4	static,ignoring_inline_asm
