../Core/Src/main.c:97:6:process_command	56	static
../Core/Src/main.c:128:6:send_response	24	static
../Core/Src/main.c:141:6:DWT_Init	4	static
../Core/Src/main.c:150:6:DWT_Delay_us	24	static
../Core/Src/main.c:165:5:main	136	static
../Core/Src/main.c:277:6:SystemClock_Config	88	static
../Core/Src/main.c:325:13:MX_SPI2_Init	8	static
../Core/Src/main.c:362:13:MX_USART2_UART_Init	8	static
../Core/Src/main.c:393:13:MX_DMA_Init	16	static
../Core/Src/main.c:411:13:MX_GPIO_Init	48	static
../Core/Src/main.c:444:6:HAL_SPI_TxCpltCallback	16	static
../Core/Src/main.c:451:6:HAL_UART_RxCpltCallback	16	static
../Core/Src/main.c:462:6:HAL_UART_ErrorCallback	24	static
../Core/Src/main.c:507:6:StartDefaultTask	16	static
../Core/Src/main.c:525:6:StartTelemetryTask	16	static
../Core/Src/main.c:553:6:StartHeartbeatTask	16	static
../Core/Src/main.c:577:6:StartSPISend	104	static
../Core/Src/main.c:619:6:HAL_TIM_PeriodElapsedCallback	16	static
../Core/Src/main.c:636:6:Error_Handler	4	static,ignoring_inline_asm
