../Core/Src/main.c:98:6:process_command	56	static
../Core/Src/main.c:129:6:send_response	24	static
../Core/Src/main.c:142:6:DWT_Init	4	static
../Core/Src/main.c:151:6:DWT_Delay_us	24	static
../Core/Src/main.c:166:5:main	136	static
../Core/Src/main.c:278:6:SystemClock_Config	88	static
../Core/Src/main.c:326:13:MX_SPI2_Init	8	static
../Core/Src/main.c:363:13:MX_USART2_UART_Init	8	static
../Core/Src/main.c:394:13:MX_DMA_Init	16	static
../Core/Src/main.c:412:13:MX_GPIO_Init	48	static
../Core/Src/main.c:445:6:HAL_SPI_TxCpltCallback	16	static
../Core/Src/main.c:452:6:HAL_UART_RxCpltCallback	16	static
../Core/Src/main.c:463:6:HAL_UART_ErrorCallback	24	static
../Core/Src/main.c:508:6:StartDefaultTask	16	static
../Core/Src/main.c:526:6:StartTelemetryTask	16	static
../Core/Src/main.c:554:6:StartHeartbeatTask	16	static
../Core/Src/main.c:578:6:StartSPISend	104	static
../Core/Src/main.c:623:6:HAL_TIM_PeriodElapsedCallback	16	static
../Core/Src/main.c:640:6:Error_Handler	4	static,ignoring_inline_asm
