../Drivers/CMSIS/Include/core_cm4.h:1938:34:__NVIC_SystemReset	4	static,ignoring_inline_asm
../Core/Src/stm32f4xx_it.c:65:6:log_message	16	static
../Core/Src/stm32f4xx_it.c:77:6:NMI_Handler	4	static
../Core/Src/stm32f4xx_it.c:92:6:HardFault_Handler	352	static,ignoring_inline_asm
../Core/Src/stm32f4xx_it.c:145:6:MemManage_Handler	4	static
../Core/Src/stm32f4xx_it.c:160:6:BusFault_Handler	4	static
../Core/Src/stm32f4xx_it.c:175:6:UsageFault_Handler	4	static
../Core/Src/stm32f4xx_it.c:190:6:DebugMon_Handler	4	static
../Core/Src/stm32f4xx_it.c:210:6:CAN1_TX_IRQHandler	8	static
../Core/Src/stm32f4xx_it.c:224:6:CAN1_RX0_IRQHandler	8	static
../Core/Src/stm32f4xx_it.c:238:6:CAN1_RX1_IRQHandler	8	static
../Core/Src/stm32f4xx_it.c:252:6:CAN1_SCE_IRQHandler	8	static
../Core/Src/stm32f4xx_it.c:266:6:USART2_IRQHandler	8	static
../Core/Src/stm32f4xx_it.c:280:6:TIM6_DAC_IRQHandler	8	static
../Core/Src/stm32f4xx_it.c:294:6:OTG_FS_IRQHandler	8	static
