../Drivers/CMSIS/Include/core_cm4.h:1938:34:__NVIC_SystemReset	4	static,ignoring_inline_asm
../Core/Src/stm32f4xx_it.c:66:6:log_message	16	static
../Core/Src/stm32f4xx_it.c:78:6:NMI_Handler	4	static
../Core/Src/stm32f4xx_it.c:93:6:HardFault_Handler	352	static,ignoring_inline_asm
../Core/Src/stm32f4xx_it.c:146:6:MemManage_Handler	4	static
../Core/Src/stm32f4xx_it.c:161:6:BusFault_Handler	4	static
../Core/Src/stm32f4xx_it.c:176:6:UsageFault_Handler	4	static
../Core/Src/stm32f4xx_it.c:191:6:DebugMon_Handler	4	static
../Core/Src/stm32f4xx_it.c:211:6:DMA1_Stream4_IRQHandler	8	static
../Core/Src/stm32f4xx_it.c:225:6:CAN1_TX_IRQHandler	8	static
../Core/Src/stm32f4xx_it.c:239:6:CAN1_RX0_IRQHandler	8	static
../Core/Src/stm32f4xx_it.c:253:6:CAN1_RX1_IRQHandler	8	static
../Core/Src/stm32f4xx_it.c:267:6:CAN1_SCE_IRQHandler	8	static
../Core/Src/stm32f4xx_it.c:281:6:USART2_IRQHandler	8	static
../Core/Src/stm32f4xx_it.c:295:6:TIM6_DAC_IRQHandler	8	static
../Core/Src/stm32f4xx_it.c:309:6:OTG_FS_IRQHandler	8	static
