../Core/Src/main.c:82:5:main	8	static
../Core/Src/main.c:135:6:SystemClock_Config	88	static
../Core/Src/main.c:181:13:MX_ADC1_Init	24	static
../Core/Src/main.c:246:13:MX_CAN_Init	48	static
../Core/Src/main.c:296:13:MX_GPIO_Init	40	static
../Core/Src/main.c:326:6:CAN_Transmit	80	static
../Core/Src/main.c:385:6:Read_ADC_Value	16	static
../Core/Src/main.c:396:6:Read_Potentiometers	8	static
../Core/Src/main.c:403:9:map_hall_sensor	16	static
../Core/Src/main.c:413:6:Error_Handler	4	static,ignoring_inline_asm
