../Core/Src/main.c:93:5:main	8	static
../Core/Src/main.c:146:6:SystemClock_Config	88	static
../Core/Src/main.c:192:13:MX_ADC1_Init	24	static
../Core/Src/main.c:257:13:MX_CAN_Init	48	static
../Core/Src/main.c:307:13:MX_GPIO_Init	40	static
../Core/Src/main.c:336:6:CAN_Transmit	16	static
../Core/Src/main.c:349:6:sendCANMessage	56	static
../Core/Src/main.c:379:6:Read_ADC_Value	16	static
../Core/Src/main.c:390:6:Read_Potentiometers	8	static
../Core/Src/main.c:397:9:moving_average	24	static
../Core/Src/main.c:408:9:map_hall_sensor	16	static
../Core/Src/main.c:418:6:Error_Handler	4	static,ignoring_inline_asm
