../Core/Inc/cJSON.c:623:17:parse_hex4	8	static
../Core/Inc/cJSON.c:781:19:parse_string	32	static
../Core/Inc/cJSON.c:1047:22:buffer_skip_whitespace	8	static
../Core/Inc/cJSON.c:1869:15:get_array_item	0	static
../Core/Inc/cJSON.c:533:13:update_offset	16	static
../Core/Inc/cJSON.c:447:23:ensure	16	static
../Core/Inc/cJSON.c:911:19:print_string_ptr	40	static
../Core/Inc/cJSON.c:1898:15:get_object_item	24	static
../Core/Inc/cJSON.c:1974:19:add_item_to_array	0	static
../Core/Inc/cJSON.c:188:23:cJSON_strdup.constprop	16	static
../Core/Inc/cJSON.c:2029:19:add_item_to_object.constprop	24	static
../Core/Inc/cJSON.c:241:15:cJSON_New_Item.isra	8	static
../Core/Inc/cJSON.c:1953:15:create_reference.constprop	8	static
../Core/Inc/cJSON.c:1380:19:print_value	88	static
../Core/Inc/cJSON.c:1196:23:print.constprop	56	static
../Core/Inc/cJSON.c:94:28:cJSON_GetErrorPtr	0	static
../Core/Inc/cJSON.c:124:27:cJSON_Version	16	static
../Core/Inc/cJSON.c:209:20:cJSON_InitHooks	12	static
../Core/Inc/cJSON.c:253:20:cJSON_Delete	24	static
../Core/Inc/cJSON.c:1325:19:parse_value	104	static
../Core/Inc/cJSON.c:384:22:cJSON_SetNumberHelper	16	static
../Core/Inc/cJSON.c:1104:23:cJSON_ParseWithLengthOpts	64	static
../Core/Inc/cJSON.c:1088:23:cJSON_ParseWithOpts	16	static
../Core/Inc/cJSON.c:1184:23:cJSON_Parse	0	static
../Core/Inc/cJSON.c:1189:23:cJSON_ParseWithLength	0	static
../Core/Inc/cJSON.c:1264:22:cJSON_Print	0	static
../Core/Inc/cJSON.c:1269:22:cJSON_PrintUnformatted	0	static
../Core/Inc/cJSON.c:1274:22:cJSON_PrintBuffered	64	static
../Core/Inc/cJSON.c:1305:26:cJSON_PrintPreallocated	64	static
../Core/Inc/cJSON.c:1846:19:cJSON_GetArraySize	0	static
../Core/Inc/cJSON.c:1888:23:cJSON_GetArrayItem	0	static
../Core/Inc/cJSON.c:1930:23:cJSON_GetObjectItem	0	static
../Core/Inc/cJSON.c:1935:23:cJSON_GetObjectItemCaseSensitive	0	static
../Core/Inc/cJSON.c:1940:26:cJSON_HasObjectItem	8	static
../Core/Inc/cJSON.c:2008:26:cJSON_AddItemToArray	0	static
../Core/Inc/cJSON.c:2066:26:cJSON_AddItemToObject	0	static
../Core/Inc/cJSON.c:2072:26:cJSON_AddItemToObjectCS	0	static
../Core/Inc/cJSON.c:2077:26:cJSON_AddItemReferenceToArray	8	static
../Core/Inc/cJSON.c:2087:26:cJSON_AddItemReferenceToObject	16	static
../Core/Inc/cJSON.c:2205:23:cJSON_DetachItemViaPointer	8	static
../Core/Inc/cJSON.c:2241:23:cJSON_DetachItemFromArray	8	static
../Core/Inc/cJSON.c:2251:20:cJSON_DeleteItemFromArray	8	static
../Core/Inc/cJSON.c:2256:23:cJSON_DetachItemFromObject	8	static
../Core/Inc/cJSON.c:2263:23:cJSON_DetachItemFromObjectCaseSensitive	8	static
../Core/Inc/cJSON.c:2270:20:cJSON_DeleteItemFromObject	8	static
../Core/Inc/cJSON.c:2275:20:cJSON_DeleteItemFromObjectCaseSensitive	8	static
../Core/Inc/cJSON.c:2281:26:cJSON_InsertItemInArray	8	static
../Core/Inc/cJSON.c:2315:26:cJSON_ReplaceItemViaPointer	16	static
../Core/Inc/cJSON.c:2364:26:cJSON_ReplaceItemInArray	8	static
../Core/Inc/cJSON.c:2408:23:cJSON_CreateNull	8	static
../Core/Inc/cJSON.c:2097:22:cJSON_AddNullToObject	16	static
../Core/Inc/cJSON.c:2419:23:cJSON_CreateTrue	8	static
../Core/Inc/cJSON.c:2109:22:cJSON_AddTrueToObject	16	static
../Core/Inc/cJSON.c:2430:23:cJSON_CreateFalse	8	static
../Core/Inc/cJSON.c:2121:22:cJSON_AddFalseToObject	16	static
../Core/Inc/cJSON.c:2441:23:cJSON_CreateBool	8	static
../Core/Inc/cJSON.c:2133:22:cJSON_AddBoolToObject	16	static
../Core/Inc/cJSON.c:2452:23:cJSON_CreateNumber	16	static
../Core/Inc/cJSON.c:2145:22:cJSON_AddNumberToObject	16	static
../Core/Inc/cJSON.c:2478:23:cJSON_CreateString	16	static
../Core/Inc/cJSON.c:2157:22:cJSON_AddStringToObject	16	static
../Core/Inc/cJSON.c:2495:23:cJSON_CreateStringReference	8	static
../Core/Inc/cJSON.c:2507:23:cJSON_CreateObjectReference	8	static
../Core/Inc/cJSON.c:2518:23:cJSON_CreateArrayReference	8	static
../Core/Inc/cJSON.c:2528:23:cJSON_CreateRaw	16	static
../Core/Inc/cJSON.c:2169:22:cJSON_AddRawToObject	16	static
../Core/Inc/cJSON.c:2545:23:cJSON_CreateArray	8	static
../Core/Inc/cJSON.c:2193:22:cJSON_AddArrayToObject	16	static
../Core/Inc/cJSON.c:2556:23:cJSON_CreateObject	8	static
../Core/Inc/cJSON.c:2181:22:cJSON_AddObjectToObject	16	static
../Core/Inc/cJSON.c:2568:23:cJSON_CreateIntArray	24	static
../Core/Inc/cJSON.c:2608:23:cJSON_CreateFloatArray	24	static
../Core/Inc/cJSON.c:2648:23:cJSON_CreateDoubleArray	24	static
../Core/Inc/cJSON.c:2688:23:cJSON_CreateStringArray	24	static
../Core/Inc/cJSON.c:2729:23:cJSON_Duplicate	16	static
../Core/Inc/cJSON.c:2861:20:cJSON_Minify	8	static
../Core/Inc/cJSON.c:2909:26:cJSON_IsInvalid	0	static
../Core/Inc/cJSON.c:2919:26:cJSON_IsFalse	0	static
../Core/Inc/cJSON.c:2929:26:cJSON_IsTrue	0	static
../Core/Inc/cJSON.c:2940:26:cJSON_IsBool	0	static
../Core/Inc/cJSON.c:2949:26:cJSON_IsNull	0	static
../Core/Inc/cJSON.c:2959:26:cJSON_IsNumber	0	static
../Core/Inc/cJSON.c:109:22:cJSON_GetNumberValue	8	static
../Core/Inc/cJSON.c:2969:26:cJSON_IsString	0	static
../Core/Inc/cJSON.c:99:22:cJSON_GetStringValue	8	static
../Core/Inc/cJSON.c:2979:26:cJSON_IsArray	0	static
../Core/Inc/cJSON.c:2989:26:cJSON_IsObject	0	static
../Core/Inc/cJSON.c:2999:26:cJSON_IsRaw	0	static
../Core/Inc/cJSON.c:3009:26:cJSON_Compare	40	static
../Core/Inc/cJSON.c:3134:22:cJSON_malloc	0	static
../Core/Inc/cJSON.c:3139:20:cJSON_free	0	static
../Core/Inc/cJSON.c:403:21:cJSON_SetValuestring	24	static
../Core/Inc/cJSON.c:2374:19:replace_item_in_object	24	static
../Core/Inc/cJSON.c:2397:26:cJSON_ReplaceItemInObject	0	static
../Core/Inc/cJSON.c:2402:26:cJSON_ReplaceItemInObjectCaseSensitive	0	static
