../Core/Src/main.c:104:5:main	56	static
../Core/Src/main.c:174:6:SystemClock_Config	72	static
../Core/Src/main.c:213:13:MX_CAN_Init	48	static
../Core/Src/main.c:260:13:MX_USART1_UART_Init	8	static
../Core/Src/main.c:293:13:MX_GPIO_Init	40	static
../Core/Src/main.c:320:6:Flash_Onboard_LED	24	static
../Core/Src/main.c:330:6:send_to_nextion	24	static
../Core/Src/main.c:339:5:oscillate_value	4	static
../Core/Src/main.c:361:9:map_value	24	static
../Core/Src/main.c:397:6:CAN_Transmit	88	static
../Core/Src/main.c:460:6:HAL_CAN_RxFifo1MsgPendingCallback	64	static
../Core/Src/main.c:486:6:ProcessTelemetryData	16	static
../Core/Src/main.c:500:6:Error_Handler	4	static,ignoring_inline_asm
