../Core/Src/main.c:154:5:main	8	static
../Core/Src/main.c:224:6:SystemClock_Config	88	static
../Core/Src/main.c:270:13:MX_ADC1_Init	24	static
../Core/Src/main.c:344:13:MX_CAN_Init	48	static
../Core/Src/main.c:391:13:MX_USART1_UART_Init	8	static
../Core/Src/main.c:422:13:MX_DMA_Init	16	static
../Core/Src/main.c:440:13:MX_GPIO_Init	40	static
../Core/Src/main.c:499:6:Flash_Onboard_LED	24	static
../Core/Src/main.c:509:6:updateTelemetry	40	static
../Core/Src/main.c:550:6:send_int_to_nextion	64	static
../Core/Src/main.c:560:6:send__char_to_nextion	64	static
../Core/Src/main.c:570:5:oscillate_value	4	static
../Core/Src/main.c:593:9:map_rpmbar	24	static
../Core/Src/main.c:604:13:map_gear	16	static
../Core/Src/main.c:630:7:int_to_string	24	static
../Core/Src/main.c:646:6:updateUserInput	8	static
../Core/Src/main.c:678:6:Start_ADC_DMA	8	static
../Core/Src/main.c:682:6:HAL_ADC_ConvCpltCallback	16	static
../Core/Src/main.c:688:6:processADC	8	static
../Core/Src/main.c:699:9:map_hall_sensor	16	static
../Core/Src/main.c:709:6:CAN_Transmit	80	static
../Core/Src/main.c:776:6:HAL_CAN_RxFifo1MsgPendingCallback	64	static
../Core/Src/main.c:806:6:HAL_GPIO_EXTI_Callback	24	static
../Core/Src/main.c:838:6:Error_Handler	4	static,ignoring_inline_asm
