../Core/Src/main.c:103:5:main	48	static
../Core/Src/main.c:164:6:SystemClock_Config	72	static
../Core/Src/main.c:203:13:MX_CAN_Init	48	static
../Core/Src/main.c:250:13:MX_USART1_UART_Init	8	static
../Core/Src/main.c:283:13:MX_GPIO_Init	40	static
../Core/Src/main.c:310:6:Flash_Onboard_LED	24	static
../Core/Src/main.c:320:6:send_to_nextion	24	static
../Core/Src/main.c:329:5:oscillate_value	4	static
../Core/Src/main.c:370:6:CAN_Transmit	88	static
../Core/Src/main.c:433:6:HAL_CAN_RxFifo1MsgPendingCallback	64	static
../Core/Src/main.c:462:6:ProcessTelemetryData	16	static
../Core/Src/main.c:476:6:Error_Handler	4	static,ignoring_inline_asm
