../Core/Src/main.c:92:5:main	48	static
../Core/Src/main.c:152:6:SystemClock_Config	72	static
../Core/Src/main.c:191:13:MX_CAN_Init	48	static
../Core/Src/main.c:240:13:MX_USART1_UART_Init	8	static
../Core/Src/main.c:273:13:MX_GPIO_Init	40	static
../Core/Src/main.c:300:6:Flash_Onboard_LED	24	static
../Core/Src/main.c:310:6:send_to_nextion	24	static
../Core/Src/main.c:319:5:oscillate_value	4	static
../Core/Src/main.c:334:6:CAN_Transmit	56	static
../Core/Src/main.c:361:6:HAL_CAN_RxFifo1MsgPendingCallback	64	static
../Core/Src/main.c:394:6:ProcessTelemetryData	16	static
../Core/Src/main.c:408:6:Error_Handler	4	static,ignoring_inline_asm
