../Core/Src/main.c:152:5:main	8	static
../Core/Src/main.c:222:6:SystemClock_Config	88	static
../Core/Src/main.c:268:13:MX_ADC1_Init	24	static
../Core/Src/main.c:342:13:MX_CAN_Init	48	static
../Core/Src/main.c:389:13:MX_USART1_UART_Init	8	static
../Core/Src/main.c:420:13:MX_DMA_Init	16	static
../Core/Src/main.c:438:13:MX_GPIO_Init	40	static
../Core/Src/main.c:480:6:Flash_Onboard_LED	24	static
../Core/Src/main.c:490:6:updateTelemetry	40	static
../Core/Src/main.c:531:6:send_int_to_nextion	64	static
../Core/Src/main.c:541:6:send__char_to_nextion	64	static
../Core/Src/main.c:551:5:oscillate_value	4	static
../Core/Src/main.c:574:9:map_rpmbar	24	static
../Core/Src/main.c:585:13:map_gear	16	static
../Core/Src/main.c:611:7:int_to_string	24	static
../Core/Src/main.c:627:6:updateUserInput	8	static
../Core/Src/main.c:659:6:Start_ADC_DMA	8	static
../Core/Src/main.c:663:6:HAL_ADC_ConvCpltCallback	16	static
../Core/Src/main.c:669:6:processADC	8	static
../Core/Src/main.c:680:9:map_hall_sensor	16	static
../Core/Src/main.c:690:6:CAN_Transmit	88	static
../Core/Src/main.c:757:6:HAL_CAN_RxFifo1MsgPendingCallback	64	static
../Core/Src/main.c:792:6:Error_Handler	4	static,ignoring_inline_asm
