../Core/Src/main.c:101:5:main	48	static
../Core/Src/main.c:161:6:SystemClock_Config	72	static
../Core/Src/main.c:200:13:MX_CAN_Init	48	static
../Core/Src/main.c:247:13:MX_USART1_UART_Init	8	static
../Core/Src/main.c:280:13:MX_GPIO_Init	40	static
../Core/Src/main.c:307:6:Flash_Onboard_LED	24	static
../Core/Src/main.c:317:6:send_to_nextion	24	static
../Core/Src/main.c:326:5:oscillate_value	4	static
../Core/Src/main.c:367:6:CAN_Transmit	80	static
../Core/Src/main.c:425:6:HAL_CAN_RxFifo1MsgPendingCallback	64	static
../Core/Src/main.c:454:6:ProcessTelemetryData	16	static
../Core/Src/main.c:468:6:Error_Handler	4	static,ignoring_inline_asm
