../Core/Src/main.c:152:5:main	8	static
../Core/Src/main.c:222:6:SystemClock_Config	88	static
../Core/Src/main.c:268:13:MX_ADC1_Init	24	static
../Core/Src/main.c:342:13:MX_CAN_Init	48	static
../Core/Src/main.c:389:13:MX_USART1_UART_Init	8	static
../Core/Src/main.c:420:13:MX_DMA_Init	16	static
../Core/Src/main.c:438:13:MX_GPIO_Init	40	static
../Core/Src/main.c:480:6:Flash_Onboard_LED	24	static
../Core/Src/main.c:490:6:updateTelemetry	40	static
../Core/Src/main.c:511:6:send_int_to_nextion	64	static
../Core/Src/main.c:521:6:send__char_to_nextion	64	static
../Core/Src/main.c:531:5:oscillate_value	4	static
../Core/Src/main.c:554:9:map_rpmbar	24	static
../Core/Src/main.c:565:13:map_gear	16	static
../Core/Src/main.c:591:7:int_to_string	24	static
../Core/Src/main.c:605:6:updateUserInput	8	static
../Core/Src/main.c:637:6:Start_ADC_DMA	8	static
../Core/Src/main.c:641:6:HAL_ADC_ConvCpltCallback	16	static
../Core/Src/main.c:647:6:processADC	8	static
../Core/Src/main.c:658:9:map_hall_sensor	16	static
../Core/Src/main.c:668:6:CAN_Transmit	88	static
../Core/Src/main.c:735:6:HAL_CAN_RxFifo1MsgPendingCallback	64	static
../Core/Src/main.c:766:6:Error_Handler	4	static,ignoring_inline_asm
