../Core/Src/main.c:171:5:main	104	static
../Core/Src/main.c:272:6:SystemClock_Config	88	static
../Core/Src/main.c:318:13:MX_ADC1_Init	24	static
../Core/Src/main.c:392:13:MX_CAN_Init	48	static
../Core/Src/main.c:439:13:MX_TIM1_Init	80	static
../Core/Src/main.c:504:13:MX_USART1_UART_Init	8	static
../Core/Src/main.c:535:13:MX_DMA_Init	16	static
../Core/Src/main.c:556:13:MX_GPIO_Init	40	static
../Core/Src/main.c:615:6:Flash_Onboard_LED	24	static
../Core/Src/main.c:625:6:updateTelemetry	40	static
../Core/Src/main.c:666:6:send_int_to_nextion	64	static
../Core/Src/main.c:676:6:send__char_to_nextion	64	static
../Core/Src/main.c:686:5:oscillate_value	4	static
../Core/Src/main.c:709:9:map_rpmbar	24	static
../Core/Src/main.c:720:13:map_gear	16	static
../Core/Src/main.c:746:7:int_to_string	24	static
../Core/Src/main.c:762:6:updateNeopixels	24	static
../Core/Src/main.c:790:6:updateUserInput	8	static
../Core/Src/main.c:822:6:Start_ADC_DMA	8	static
../Core/Src/main.c:826:6:HAL_ADC_ConvCpltCallback	16	static
../Core/Src/main.c:832:6:processADC	8	static
../Core/Src/main.c:843:9:map_hall_sensor	16	static
../Core/Src/main.c:853:6:CAN_Transmit	16	static
../Core/Src/main.c:867:6:sendCANMessage	56	static
../Core/Src/main.c:901:6:HAL_CAN_RxFifo1MsgPendingCallback	56	static
../Core/Src/main.c:928:6:HAL_GPIO_EXTI_Callback	24	static
../Core/Src/main.c:963:6:StartDefaultTask	16	static
../Core/Src/main.c:983:6:startNextionTask	16	static
../Core/Src/main.c:1004:6:startCanTask	16	static
../Core/Src/main.c:1026:6:HAL_TIM_PeriodElapsedCallback	16	static
../Core/Src/main.c:1043:6:Error_Handler	4	static,ignoring_inline_asm
