../Core/Src/main.c:163:5:main	104	static
../Core/Src/main.c:263:6:SystemClock_Config	88	static
../Core/Src/main.c:309:13:MX_ADC1_Init	24	static
../Core/Src/main.c:383:13:MX_CAN_Init	48	static
../Core/Src/main.c:430:13:MX_USART1_UART_Init	8	static
../Core/Src/main.c:461:13:MX_DMA_Init	16	static
../Core/Src/main.c:479:13:MX_GPIO_Init	40	static
../Core/Src/main.c:538:6:Flash_Onboard_LED	24	static
../Core/Src/main.c:548:6:updateTelemetry	40	static
../Core/Src/main.c:589:6:send_int_to_nextion	64	static
../Core/Src/main.c:599:6:send__char_to_nextion	64	static
../Core/Src/main.c:609:5:oscillate_value	4	static
../Core/Src/main.c:632:9:map_rpmbar	24	static
../Core/Src/main.c:643:13:map_gear	16	static
../Core/Src/main.c:669:7:int_to_string	24	static
../Core/Src/main.c:685:6:updateUserInput	8	static
../Core/Src/main.c:717:6:Start_ADC_DMA	8	static
../Core/Src/main.c:721:6:HAL_ADC_ConvCpltCallback	16	static
../Core/Src/main.c:727:6:processADC	8	static
../Core/Src/main.c:738:9:map_hall_sensor	16	static
../Core/Src/main.c:748:6:CAN_Transmit	16	static
../Core/Src/main.c:762:6:sendCANMessage	56	static
../Core/Src/main.c:796:6:HAL_CAN_RxFifo1MsgPendingCallback	56	static
../Core/Src/main.c:823:6:HAL_GPIO_EXTI_Callback	24	static
../Core/Src/main.c:858:6:StartDefaultTask	16	static
../Core/Src/main.c:878:6:startNextionTask	16	static
../Core/Src/main.c:897:6:startCanTask	16	static
../Core/Src/main.c:918:6:HAL_TIM_PeriodElapsedCallback	16	static
../Core/Src/main.c:935:6:Error_Handler	4	static,ignoring_inline_asm
