../Core/Src/main.c:155:5:main	8	static
../Core/Src/main.c:225:6:SystemClock_Config	88	static
../Core/Src/main.c:271:13:MX_ADC1_Init	24	static
../Core/Src/main.c:345:13:MX_CAN_Init	48	static
../Core/Src/main.c:392:13:MX_USART1_UART_Init	8	static
../Core/Src/main.c:423:13:MX_DMA_Init	16	static
../Core/Src/main.c:441:13:MX_GPIO_Init	40	static
../Core/Src/main.c:500:6:Flash_Onboard_LED	24	static
../Core/Src/main.c:510:6:updateTelemetry	40	static
../Core/Src/main.c:551:6:send_int_to_nextion	64	static
../Core/Src/main.c:561:6:send__char_to_nextion	64	static
../Core/Src/main.c:571:5:oscillate_value	4	static
../Core/Src/main.c:594:9:map_rpmbar	24	static
../Core/Src/main.c:605:13:map_gear	16	static
../Core/Src/main.c:631:7:int_to_string	24	static
../Core/Src/main.c:647:6:updateUserInput	8	static
../Core/Src/main.c:679:6:Start_ADC_DMA	8	static
../Core/Src/main.c:683:6:HAL_ADC_ConvCpltCallback	16	static
../Core/Src/main.c:689:6:processADC	8	static
../Core/Src/main.c:700:9:map_hall_sensor	16	static
../Core/Src/main.c:776:6:CAN_Transmit	16	static
../Core/Src/main.c:790:6:sendCANMessage	56	static
../Core/Src/main.c:824:6:HAL_CAN_RxFifo1MsgPendingCallback	56	static
../Core/Src/main.c:851:6:HAL_GPIO_EXTI_Callback	24	static
../Core/Src/main.c:883:6:Error_Handler	4	static,ignoring_inline_asm
