../Core/Src/main.c:68:6:send_response	16	static
../Core/Src/main.c:77:5:main	8	static
../Core/Src/main.c:124:6:SystemClock_Config	88	static
../Core/Src/main.c:172:13:MX_USART2_UART_Init	8	static
../Core/Src/main.c:205:13:MX_GPIO_Init	48	static
../Core/Src/main.c:240:6:blink	16	static
../Core/Src/main.c:249:6:process_received_data	16	static
../Core/Src/main.c:271:6:HAL_UART_RxCpltCallback	16	static
../Core/Src/main.c:299:6:HAL_UART_ErrorCallback	80	static
../Core/Src/main.c:336:6:Error_Handler	4	static,ignoring_inline_asm
