../Core/Src/main.c:61:6:send_response	16	static
../Core/Src/main.c:70:5:main	8	static
../Core/Src/main.c:116:6:SystemClock_Config	88	static
../Core/Src/main.c:164:13:MX_USART2_UART_Init	8	static
../Core/Src/main.c:197:13:MX_GPIO_Init	48	static
../Core/Src/main.c:232:6:blink	16	static
../Core/Src/main.c:241:6:process_received_data	16	static
../Core/Src/main.c:255:6:HAL_UART_RxCpltCallback	24	static
../Core/Src/main.c:270:6:HAL_UART_ErrorCallback	24	static
../Core/Src/main.c:285:6:Error_Handler	4	static,ignoring_inline_asm
